// Jest Snapshot v1, https://goo.gl/fbAQLP

exports[`Card expect wrapper to match snapshot 1`] = `
ShallowWrapper {
  Symbol(enzyme.__root__): [Circular],
  Symbol(enzyme.__unrendered__): <Card
    displayCompared={[Function]}
    displaySelected={[Function]}
    location="COLORADO"
    removeSelected={[Function]}
    selected={true}
    selectedCards={Array []}
    stats={
        Object {
            "2004": 0.24,
          }
    }
/>,
  Symbol(enzyme.__renderer__): Object {
    "batchedUpdates": [Function],
    "getNode": [Function],
    "render": [Function],
    "simulateEvent": [Function],
    "unmount": [Function],
  },
  Symbol(enzyme.__node__): Object {
    "instance": null,
    "key": undefined,
    "nodeType": "host",
    "props": Object {
      "children": Array [
        <h2>
          COLORADO
</h2>,
        Array [
          <article>
            <ul
                        className="highNum"
            >
                        2004
                        : 
                        0.24
            </ul>
</article>,
        ],
      ],
      "className": "selectedCard",
      "onClick": [Function],
    },
    "ref": null,
    "rendered": Array [
      Object {
        "instance": null,
        "key": undefined,
        "nodeType": "host",
        "props": Object {
          "children": "COLORADO",
        },
        "ref": null,
        "rendered": "COLORADO",
        "type": "h2",
      },
      Object {
        "instance": null,
        "key": undefined,
        "nodeType": "host",
        "props": Object {
          "children": <ul
            className="highNum"
>
            2004
            : 
            0.24
</ul>,
        },
        "ref": null,
        "rendered": Object {
          "instance": null,
          "key": undefined,
          "nodeType": "host",
          "props": Object {
            "children": Array [
              "2004",
              ": ",
              0.24,
            ],
            "className": "highNum",
          },
          "ref": null,
          "rendered": Array [
            "2004",
            ": ",
            0.24,
          ],
          "type": "ul",
        },
        "type": "article",
      },
    ],
    "type": "div",
  },
  Symbol(enzyme.__nodes__): Array [
    Object {
      "instance": null,
      "key": undefined,
      "nodeType": "host",
      "props": Object {
        "children": Array [
          <h2>
            COLORADO
</h2>,
          Array [
            <article>
              <ul
                            className="highNum"
              >
                            2004
                            : 
                            0.24
              </ul>
</article>,
          ],
        ],
        "className": "selectedCard",
        "onClick": [Function],
      },
      "ref": null,
      "rendered": Array [
        Object {
          "instance": null,
          "key": undefined,
          "nodeType": "host",
          "props": Object {
            "children": "COLORADO",
          },
          "ref": null,
          "rendered": "COLORADO",
          "type": "h2",
        },
        Object {
          "instance": null,
          "key": undefined,
          "nodeType": "host",
          "props": Object {
            "children": <ul
              className="highNum"
>
              2004
              : 
              0.24
</ul>,
          },
          "ref": null,
          "rendered": Object {
            "instance": null,
            "key": undefined,
            "nodeType": "host",
            "props": Object {
              "children": Array [
                "2004",
                ": ",
                0.24,
              ],
              "className": "highNum",
            },
            "ref": null,
            "rendered": Array [
              "2004",
              ": ",
              0.24,
            ],
            "type": "ul",
          },
          "type": "article",
        },
      ],
      "type": "div",
    },
  ],
  Symbol(enzyme.__options__): Object {
    "adapter": ReactSixteenAdapter {
      "options": Object {
        "enableComponentDidUpdateOnSetState": true,
        "lifecycles": Object {
          "componentDidUpdate": Object {
            "onSetState": true,
          },
          "getSnapshotBeforeUpdate": true,
        },
      },
    },
    "attachTo": undefined,
    "hydrateIn": undefined,
  },
}
`;
